npm warn deprecated path-match@1.2.4: This package is archived and no longer maintained. For support, visit https://github.com/expressjs/express/discussions
npm warn deprecated node-domexception@1.0.0: Use your platform's native DOMException instead
npm warn deprecated uuid@8.3.2: uuid@10 and below is no longer supported.  For ESM codebases, update to uuid@latest.  For CommonJS codebases, use uuid@11 (but be aware this version will likely be deprecated in 2028).

> fsevents@2.3.3 install
> node-gyp rebuild

gyp info it worked if it ends with ok
gyp info using node-gyp@12.4.0
gyp info using node@26.5.1 | darwin | arm64
gyp info find Python using Python version 3.12.2 found at "/Library/Frameworks/Python.framework/Versions/3.12/bin/python3"

gyp info spawn /Library/Frameworks/Python.framework/Versions/3.12/bin/python3
gyp info spawn args [
gyp info spawn args '/opt/homebrew/lib/node_modules/npm/node_modules/node-gyp/gyp/gyp_main.py',
gyp info spawn args 'binding.gyp',
gyp info spawn args '-f',
gyp info spawn args 'make',
gyp info spawn args '-I',
gyp info spawn args '/private/tmp/counterfact-quality-lifecycle-rerun-2.12.0/node_modules/fsevents/build/config.gypi',
gyp info spawn args '-I',
gyp info spawn args '/opt/homebrew/lib/node_modules/npm/node_modules/node-gyp/addon.gypi',
gyp info spawn args '-I',
gyp info spawn args '/Users/pmcelhaney/Library/Caches/node-gyp/26.5.1/include/node/common.gypi',
gyp info spawn args '-Dlibrary=shared_library',
gyp info spawn args '-Dvisibility=default',
gyp info spawn args '-Dnode_root_dir=/Users/pmcelhaney/Library/Caches/node-gyp/26.5.1',
gyp info spawn args '-Dnode_gyp_dir=/opt/homebrew/lib/node_modules/npm/node_modules/node-gyp',
gyp info spawn args '-Dnode_lib_file=/Users/pmcelhaney/Library/Caches/node-gyp/26.5.1/<(target_arch)/node.lib',
gyp info spawn args '-Dmodule_root_dir=/private/tmp/counterfact-quality-lifecycle-rerun-2.12.0/node_modules/fsevents',
gyp info spawn args '-Dnode_engine=v8',
gyp info spawn args '--depth=.',
gyp info spawn args '--no-parallel',
gyp info spawn args '--generator-output',
gyp info spawn args 'build',
gyp info spawn args '-Goutput_dir=.'
gyp info spawn args ]
gyp: binding.gyp not found (cwd: /private/tmp/counterfact-quality-lifecycle-rerun-2.12.0/node_modules/fsevents) while trying to load binding.gyp
gyp ERR! configure error 
gyp ERR! stack Error: `gyp` failed with exit code: 1
gyp ERR! stack at ChildProcess.<anonymous> (/opt/homebrew/lib/node_modules/npm/node_modules/node-gyp/lib/configure.js:317:18)
gyp ERR! stack at ChildProcess.emit (node:events:509:20)
gyp ERR! stack at ChildProcess._handle.onexit (node:internal/child_process:294:12)
gyp ERR! System Darwin 25.6.0
gyp ERR! command "/opt/homebrew/Cellar/node/26.5.1/bin/node" "/opt/homebrew/lib/node_modules/npm/node_modules/node-gyp/bin/node-gyp.js" "rebuild"
gyp ERR! cwd /private/tmp/counterfact-quality-lifecycle-rerun-2.12.0/node_modules/fsevents
gyp ERR! node -v v26.5.1
gyp ERR! node-gyp -v v12.4.0
gyp ERR! $npm_package_name fsevents
gyp ERR! $npm_package_version 2.3.3
gyp ERR! not ok 

> esbuild@0.27.7 postinstall
> node install.js


added 276 packages in 3s

65 packages are looking for funding
  run `npm fund` for details
npm warn allow-scripts 2 packages have install scripts not yet covered by allowScripts:
npm warn allow-scripts   counterfact@2.12.0 (prepare: husky install)
npm warn allow-scripts   esbuild@0.27.7 (postinstall: node install.js)
npm warn allow-scripts
npm warn allow-scripts Run `npm approve-scripts --allow-scripts-pending` to review, or `npm approve-scripts <pkg>` to allow.
